WARNING: res://Scenes/Projectiles/projectile.tscn:4 - ext_resource, invalid UID: uid://b3p4q5r6s7t8 - using text path instead: res://Assets/Projectiles/arrow.png
   at: load (scene/resources/resource_format_text.cpp:444)
   GDScript backtrace (most recent call first):
       [0] _change_to_dungeon (res://Scripts/Networking/network_bootstrap.gd:141)
       [1] _on_match_started (res://Scripts/Networking/network_bootstrap.gd:138)
       [2] start_match (res://Scripts/Networking/network_session.gd:82)
       [3] _on_start_button_pressed (res://Scripts/Networking/network_bootstrap.gd:94)
       [4] _try_auto_start_match (res://Scripts/Networking/network_bootstrap.gd:226)
WARNING: res://Scenes/Dungeon/fungal_crystal.tscn:3 - ext_resource, invalid UID: uid_crystal - using text path instead: res://Assets/Environment/Fungal/prop_fungal_crystal.png
   at: load (scene/resources/resource_format_text.cpp:444)
   GDScript backtrace (most recent call first):
       [0] _change_to_dungeon (res://Scripts/Networking/network_bootstrap.gd:141)
       [1] _on_match_started (res://Scripts/Networking/network_bootstrap.gd:138)
       [2] start_match (res://Scripts/Networking/network_session.gd:82)
       [3] _on_start_button_pressed (res://Scripts/Networking/network_bootstrap.gd:94)
       [4] _try_auto_start_match (res://Scripts/Networking/network_bootstrap.gd:226)
WARNING: res://Scenes/Dungeon/fungal_crystal.tscn:3 - ext_resource, invalid UID: uid_crystal - using text path instead: res://Assets/Environment/Fungal/prop_fungal_crystal.png
   at: load (scene/resources/resource_format_text.cpp:444)
   GDScript backtrace (most recent call first):
       [0] _change_to_dungeon (res://Scripts/Networking/network_bootstrap.gd:141)
       [1] _on_match_started (res://Scripts/Networking/network_bootstrap.gd:138)
       [2] start_match (res://Scripts/Networking/network_session.gd:82)
       [3] _on_start_button_pressed (res://Scripts/Networking/network_bootstrap.gd:94)
       [4] _try_auto_start_match (res://Scripts/Networking/network_bootstrap.gd:226)
WARNING: res://Scenes/Effects/bullet_hole.tscn:3 - ext_resource, invalid UID: uid://bullet_hole_tex_001 - using text path instead: res://Assets/Effects/bullet_hole_0.png
   at: load (scene/resources/resource_format_text.cpp:444)
   GDScript backtrace (most recent call first):
       [0] _change_to_dungeon (res://Scripts/Networking/network_bootstrap.gd:141)
       [1] _on_match_started (res://Scripts/Networking/network_bootstrap.gd:138)
       [2] start_match (res://Scripts/Networking/network_session.gd:82)
       [3] _on_start_button_pressed (res://Scripts/Networking/network_bootstrap.gd:94)
       [4] _try_auto_start_match (res://Scripts/Networking/network_bootstrap.gd:226)
WARNING: res://Scenes/Effects/blood_splatter.tscn:3 - ext_resource, invalid UID: uid://blood_splatter_tex_001 - using text path instead: res://Assets/Effects/blood_splatter_0.png
   at: load (scene/resources/resource_format_text.cpp:444)
   GDScript backtrace (most recent call first):
       [0] _change_to_dungeon (res://Scripts/Networking/network_bootstrap.gd:141)
       [1] _on_match_started (res://Scripts/Networking/network_bootstrap.gd:138)
       [2] start_match (res://Scripts/Networking/network_session.gd:82)
       [3] _on_start_button_pressed (res://Scripts/Networking/network_bootstrap.gd:94)
       [4] _try_auto_start_match (res://Scripts/Networking/network_bootstrap.gd:226)
WARNING: res://Scenes/Player/player.tscn:6 - ext_resource, invalid UID: uid://c7t4y0a1m2x - using text path instead: res://Scenes/Weapons/weapon_rifle.tscn
   at: load (scene/resources/resource_format_text.cpp:444)
   GDScript backtrace (most recent call first):
       [0] _change_to_dungeon (res://Scripts/Networking/network_bootstrap.gd:141)
       [1] _on_match_started (res://Scripts/Networking/network_bootstrap.gd:138)
       [2] start_match (res://Scripts/Networking/network_session.gd:82)
       [3] _on_start_button_pressed (res://Scripts/Networking/network_bootstrap.gd:94)
       [4] _try_auto_start_match (res://Scripts/Networking/network_bootstrap.gd:226)
WARNING: res://Scenes/Weapons/weapon_rifle.tscn:6 - ext_resource, invalid UID: uid://flash_sheet_001 - using text path instead: res://Assets/Weapons/muzzle_flash_sheet.png
   at: load (scene/resources/resource_format_text.cpp:444)
   GDScript backtrace (most recent call first):
       [0] _change_to_dungeon (res://Scripts/Networking/network_bootstrap.gd:141)
       [1] _on_match_started (res://Scripts/Networking/network_bootstrap.gd:138)
       [2] start_match (res://Scripts/Networking/network_session.gd:82)
       [3] _on_start_button_pressed (res://Scripts/Networking/network_bootstrap.gd:94)
       [4] _try_auto_start_match (res://Scripts/Networking/network_bootstrap.gd:226)
WARNING: res://Scenes/Player/player.tscn:7 - ext_resource, invalid UID: uid://d7t4y0a1m2x - using text path instead: res://Scenes/Weapons/weapon_shotgun.tscn
   at: load (scene/resources/resource_format_text.cpp:444)
   GDScript backtrace (most recent call first):
       [0] _change_to_dungeon (res://Scripts/Networking/network_bootstrap.gd:141)
       [1] _on_match_started (res://Scripts/Networking/network_bootstrap.gd:138)
       [2] start_match (res://Scripts/Networking/network_session.gd:82)
       [3] _on_start_button_pressed (res://Scripts/Networking/network_bootstrap.gd:94)
       [4] _try_auto_start_match (res://Scripts/Networking/network_bootstrap.gd:226)
WARNING: res://Scenes/Weapons/weapon_shotgun.tscn:6 - ext_resource, invalid UID: uid_flash_shotgun - using text path instead: res://Assets/Effects/vfx_muzzle_shotgun.png
   at: load (scene/resources/resource_format_text.cpp:444)
   GDScript backtrace (most recent call first):
       [0] _change_to_dungeon (res://Scripts/Networking/network_bootstrap.gd:141)
       [1] _on_match_started (res://Scripts/Networking/network_bootstrap.gd:138)
       [2] start_match (res://Scripts/Networking/network_session.gd:82)
       [3] _on_start_button_pressed (res://Scripts/Networking/network_bootstrap.gd:94)
       [4] _try_auto_start_match (res://Scripts/Networking/network_bootstrap.gd:226)
WARNING: res://Scenes/Player/player.tscn:8 - ext_resource, invalid UID: uid://e7t4y0a1m2x - using text path instead: res://Scenes/Weapons/weapon_crossbow.tscn
   at: load (scene/resources/resource_format_text.cpp:444)
   GDScript backtrace (most recent call first):
       [0] _change_to_dungeon (res://Scripts/Networking/network_bootstrap.gd:141)
       [1] _on_match_started (res://Scripts/Networking/network_bootstrap.gd:138)
       [2] start_match (res://Scripts/Networking/network_session.gd:82)
       [3] _on_start_button_pressed (res://Scripts/Networking/network_bootstrap.gd:94)
       [4] _try_auto_start_match (res://Scripts/Networking/network_bootstrap.gd:226)
WARNING: res://Scenes/Projectiles/arrow.tscn:4 - ext_resource, invalid UID: uid://b3p4q5r6s7t8 - using text path instead: res://Assets/Projectiles/arrow.png
   at: load (scene/resources/resource_format_text.cpp:444)
   GDScript backtrace (most recent call first):
       [0] _change_to_dungeon (res://Scripts/Networking/network_bootstrap.gd:141)
       [1] _on_match_started (res://Scripts/Networking/network_bootstrap.gd:138)
       [2] start_match (res://Scripts/Networking/network_session.gd:82)
       [3] _on_start_button_pressed (res://Scripts/Networking/network_bootstrap.gd:94)
       [4] _try_auto_start_match (res://Scripts/Networking/network_bootstrap.gd:226)
WARNING: res://Scenes/Weapons/weapon_crossbow.tscn:7 - ext_resource, invalid UID: uid://flash_sheet_001 - using text path instead: res://Assets/Weapons/muzzle_flash_sheet.png
   at: load (scene/resources/resource_format_text.cpp:444)
   GDScript backtrace (most recent call first):
       [0] _change_to_dungeon (res://Scripts/Networking/network_bootstrap.gd:141)
       [1] _on_match_started (res://Scripts/Networking/network_bootstrap.gd:138)
       [2] start_match (res://Scripts/Networking/network_session.gd:82)
       [3] _on_start_button_pressed (res://Scripts/Networking/network_bootstrap.gd:94)
       [4] _try_auto_start_match (res://Scripts/Networking/network_bootstrap.gd:226)
WARNING: res://Scenes/Player/player.tscn:9 - ext_resource, invalid UID: uid://f7t4y0a1m2x - using text path instead: res://Scenes/Weapons/weapon_fireball.tscn
   at: load (scene/resources/resource_format_text.cpp:444)
   GDScript backtrace (most recent call first):
       [0] _change_to_dungeon (res://Scripts/Networking/network_bootstrap.gd:141)
       [1] _on_match_started (res://Scripts/Networking/network_bootstrap.gd:138)
       [2] start_match (res://Scripts/Networking/network_session.gd:82)
       [3] _on_start_button_pressed (res://Scripts/Networking/network_bootstrap.gd:94)
       [4] _try_auto_start_match (res://Scripts/Networking/network_bootstrap.gd:226)
WARNING: res://Scenes/Weapons/weapon_fireball.tscn:7 - ext_resource, invalid UID: uid_flash_fireball - using text path instead: res://Assets/Effects/vfx_muzzle_fireball.png
   at: load (scene/resources/resource_format_text.cpp:444)
   GDScript backtrace (most recent call first):
       [0] _change_to_dungeon (res://Scripts/Networking/network_bootstrap.gd:141)
       [1] _on_match_started (res://Scripts/Networking/network_bootstrap.gd:138)
       [2] start_match (res://Scripts/Networking/network_session.gd:82)
       [3] _on_start_button_pressed (res://Scripts/Networking/network_bootstrap.gd:94)
       [4] _try_auto_start_match (res://Scripts/Networking/network_bootstrap.gd:226)
WARNING: Property agent_height is ceiled to cell_height voxel units and loses precision.
   at: generator_bake_from_source_geometry_data (modules/navigation_3d/3d/nav_mesh_generator_3d.cpp:366)
   GDScript backtrace (most recent call first):
       [0] generate_floor (res://Scripts/Dungeon/dungeon_manager.gd:158)
WARNING: Property agent_max_climb is floored to cell_height voxel units and loses precision.
   at: generator_bake_from_source_geometry_data (modules/navigation_3d/3d/nav_mesh_generator_3d.cpp:369)
   GDScript backtrace (most recent call first):
       [0] generate_floor (res://Scripts/Dungeon/dungeon_manager.gd:158)
WARNING: Property agent_radius is ceiled to cell_size voxel units and loses precision.
   at: generator_bake_from_source_geometry_data (modules/navigation_3d/3d/nav_mesh_generator_3d.cpp:372)
   GDScript backtrace (most recent call first):
       [0] generate_floor (res://Scripts/Dungeon/dungeon_manager.gd:158)
WARNING: Sending 5083 bytes unreliably which is above the MTU (1392), this will result in higher packet loss
   at: put_packet (modules/enet/enet_multiplayer_peer.cpp:363)
   GDScript backtrace (most recent call first):
       [0] _broadcast_enemy_snapshots (res://Scripts/Dungeon/dungeon_manager.gd:1114)
       [1] _process (res://Scripts/Dungeon/dungeon_manager.gd:76)
ERROR: Pages in use exist at exit in PagedAllocator: N20RasterizerSceneDummy21GeometryInstanceDummyE
   at: ~PagedAllocator (./core/templates/paged_allocator.h:169)
ERROR: 3 RID allocations of type 'PN13RendererDummy14TextureStorage12DummyTextureE' were leaked at exit.
ERROR: 1 RID allocations of type 'N13RendererDummy9DummyMeshE' were leaked at exit.
WARNING: Leaked instance dependency: Bug - did not call instance_notify_deleted when freeing.
   at: ~Dependency (servers/rendering/storage/utilities.cpp:56)
ERROR: 3 RID allocations of type 'N13RendererDummy15MaterialStorage13DummyMaterialE' were leaked at exit.
ERROR: 1 RID allocations of type 'N13RendererDummy15MaterialStorage11DummyShaderE' were leaked at exit.
ERROR: 1 RID allocations of type 'N17RendererSceneCull8InstanceE' were leaked at exit.
WARNING: ObjectDB instances leaked at exit (run with --verbose for details).
   at: cleanup (core/object/object.cpp:2514)
ERROR: 3 resources still in use at exit (run with --verbose for details).
   at: clear (core/io/resource.cpp:795)
